// Jest Snapshot v1, https://goo.gl/fbAQLP

exports[`Menu should render correctly when proper List passed 1`] = `
<div
  className="MuiList-root-1 MuiList-padding-2"
  onBlur={[Function]}
  onKeyDown={[Function]}
  role="menu"
>
  <a
    aria-current="page"
    className="MuiButtonBase-root-17 MuiListItem-root-7 MuiListItem-default-10 MuiListItem-gutters-14 MuiListItem-button-15 MuiMenuItem-root-5 active"
    href="/"
    onBlur={[Function]}
    onClick={[Function]}
    onFocus={[Function]}
    onKeyDown={[Function]}
    onKeyUp={[Function]}
    onMouseDown={[Function]}
    onMouseLeave={[Function]}
    onMouseUp={[Function]}
    onTouchEnd={[Function]}
    onTouchMove={[Function]}
    onTouchStart={[Function]}
    role="menuitem"
    style={Object {}}
    tabIndex={-1}
  >
    <span
      className="MuiListItemIcon-root-20 sc-bdVaJa gguFeu"
    >
      <span />
    </span>
    Home
    <span
      className="MuiTouchRipple-root-21"
    />
  </a>
  <a
    aria-current={null}
    className="MuiButtonBase-root-17 MuiListItem-root-7 MuiListItem-default-10 MuiListItem-gutters-14 MuiListItem-button-15 MuiMenuItem-root-5"
    href="/test"
    onBlur={[Function]}
    onClick={[Function]}
    onFocus={[Function]}
    onKeyDown={[Function]}
    onKeyUp={[Function]}
    onMouseDown={[Function]}
    onMouseLeave={[Function]}
    onMouseUp={[Function]}
    onTouchEnd={[Function]}
    onTouchMove={[Function]}
    onTouchStart={[Function]}
    role="menuitem"
    style={undefined}
    tabIndex={-1}
  >
    <span
      className="MuiListItemIcon-root-20 sc-bdVaJa gguFeu"
    >
      <span
        data-testid="icon"
      />
    </span>
    Home 2
    <span
      className="MuiTouchRipple-root-21"
    />
  </a>
</div>
`;
